// Jest Snapshot v1, https://goo.gl/fbAQLP

exports[`AwayView behavior render() should render the component with two buttons 1`] = `
<section
  className="clicker"
>
  <button
    onClick={[Function]}
    type="button"
  >
    ++
  </button>
  <button
    onClick={[Function]}
    type="button"
  >
    --
  </button>
</section>
`;
